2022-05-12 21:29:58,139:INFO:wikiscrapping.py:connection stable with database...
2022-05-12 21:30:11,605:INFO:wikiscrapping.py:scrapped data from wikipedia for narendra modi
2022-05-12 21:30:14,805:INFO:wikiscrapping.py:inserted record in database...
2022-05-12 21:30:50,665:INFO:wikiscrapping.py:connection stable with database...
2022-05-12 21:30:53,497:INFO:wikiscrapping.py:checked record in database...
2022-05-12 21:30:56,068:INFO:wikiscrapping.py:fetch record from database for narendra modi
2022-05-13 12:45:06,725:INFO:wikiscrapping.py:connection stable with database...
2022-05-13 12:45:21,734:INFO:wikiscrapping.py:scrapped data from wikipedia for vladmir putin
2022-05-13 12:45:24,506:INFO:wikiscrapping.py:inserted record in database...
2022-05-13 13:01:31,998:INFO:wikiscrapping.py:connection stable with database...
2022-05-13 13:01:36,384:INFO:wikiscrapping.py:checked record in database...
2022-05-13 13:01:39,440:INFO:wikiscrapping.py:fetch record from database for vladmir putin
2022-05-13 20:58:00,128:INFO:wikiscrapping.py:connection stable with database...
2022-05-13 20:58:04,040:INFO:wikiscrapping.py:checked record in database...
2022-05-13 20:58:06,905:INFO:wikiscrapping.py:fetch record from database for narendra modi
2022-05-13 20:59:49,747:INFO:wikiscrapping.py:connection stable with database...
2022-05-13 21:00:07,237:INFO:wikiscrapping.py:scrapped data from wikipedia for barak obama
2022-05-13 21:00:10,405:INFO:wikiscrapping.py:inserted record in database...
2022-05-13 21:00:46,367:INFO:wikiscrapping.py:connection stable with database...
2022-05-13 21:03:09,602:INFO:wikiscrapping.py:connection stable with database...
2022-05-13 21:06:38,464:INFO:wikiscrapping.py:connection stable with database...
2022-05-13 21:07:36,194:INFO:wikiscrapping.py:connection stable with database...
2022-05-13 21:20:30,056:INFO:wikiscrapping.py:connection stable with database...
2022-05-13 21:21:31,178:INFO:wikiscrapping.py:connection stable with database...
2022-05-13 21:21:47,812:INFO:wikiscrapping.py:scrapped data from wikipedia for elonmusk
2022-05-13 21:21:50,862:INFO:wikiscrapping.py:inserted record in database...
2022-05-13 21:24:47,739:INFO:wikiscrapping.py:connection stable with database...
2022-05-13 21:24:51,330:INFO:wikiscrapping.py:checked record in database...
2022-05-13 21:24:54,423:INFO:wikiscrapping.py:fetch record from database for elonmusk
2022-05-13 21:27:05,300:INFO:wikiscrapping.py:connection stable with database...
2022-05-13 21:27:08,827:INFO:wikiscrapping.py:checked record in database...
2022-05-13 21:27:11,986:INFO:wikiscrapping.py:fetch record from database for narendra modi
2022-05-13 21:41:56,598:INFO:wikiscrapping.py:connection stable with database...
2022-05-13 21:41:59,954:INFO:wikiscrapping.py:checked record in database...
2022-05-13 21:42:02,714:INFO:wikiscrapping.py:fetch record from database for narendra modi
2022-05-14 12:42:35,792:INFO:wikiscrapping.py:connection stable with database...
2022-05-14 12:42:43,021:INFO:wikiscrapping.py:checked record in database...
2022-05-14 12:42:45,890:INFO:wikiscrapping.py:fetch record from database for web development
2022-05-14 12:43:39,820:INFO:wikiscrapping.py:connection stable with database...
2022-05-14 12:43:51,314:INFO:wikiscrapping.py:scrapped data from wikipedia for antalia
2022-05-14 12:43:53,992:INFO:wikiscrapping.py:inserted record in database...
2022-05-14 12:44:41,223:INFO:wikiscrapping.py:connection stable with database...
2022-05-14 12:44:59,245:INFO:wikiscrapping.py:connection stable with database...
2022-05-14 12:45:31,121:INFO:wikiscrapping.py:connection stable with database...
2022-05-14 12:45:40,364:INFO:wikiscrapping.py:scrapped data from wikipedia for Antilia building 
2022-05-14 12:45:43,244:INFO:wikiscrapping.py:inserted record in database...
2022-05-14 12:46:16,611:INFO:wikiscrapping.py:connection stable with database...
2022-05-14 12:46:26,732:INFO:wikiscrapping.py:connection stable with database...
2022-05-14 12:46:41,222:INFO:wikiscrapping.py:scrapped data from wikipedia for jeffbezos
2022-05-14 12:46:44,506:INFO:wikiscrapping.py:inserted record in database...
2022-05-14 12:47:09,164:INFO:wikiscrapping.py:connection stable with database...
2022-05-14 12:47:12,197:INFO:wikiscrapping.py:checked record in database...
2022-05-14 12:47:15,105:INFO:wikiscrapping.py:fetch record from database for vladmir putin
2022-05-14 12:47:42,696:INFO:wikiscrapping.py:connection stable with database...
2022-05-14 12:47:47,397:INFO:wikiscrapping.py:connection stable with database...
2022-05-14 12:47:50,331:INFO:wikiscrapping.py:checked record in database...
2022-05-14 12:47:53,058:INFO:wikiscrapping.py:fetch record from database for narendra modi
2022-05-14 12:48:29,184:INFO:wikiscrapping.py:connection stable with database...
2022-05-14 12:49:28,625:INFO:wikiscrapping.py:connection stable with database...
2022-05-14 12:49:39,248:INFO:wikiscrapping.py:scrapped data from wikipedia for ratan tata
2022-05-14 12:49:42,153:INFO:wikiscrapping.py:inserted record in database...
2022-05-14 13:44:07,043:INFO:wikiscrapping.py:connection stable with database...
2022-05-14 13:44:10,798:INFO:wikiscrapping.py:checked record in database...
2022-05-14 13:44:13,117:INFO:wikiscrapping.py:fetch record from database for priyanka chopra
